## This file is created by rgg program in MeshKit ##
#User needs to specify mesh interval and schemes in this file
#
# Import geometry file 
import './files/s1.sat'
#Creating groups
group "g_pwr_fc_f_01" add surface name "pwr_fc_f_01"
group "g_pwr_fc_c_01" add surface name "pwr_fc_c_01"
group "g_pwr_fc_m_01" add surface name "pwr_fc_m_01"
group "g_pwr_gt_f_01" add surface name "pwr_gt_f_01"
group "g_pwr_gt_c_01" add surface name "pwr_gt_c_01"
group "g_pwr_gt_m_01" add surface name "pwr_gt_m_01"
group "g_pwr_xfc_01" add surface name "pwr_xfc_01"
group "g_pwr_xfc_c_01" add surface name "pwr_xfc_c_01"
group "g_pwr_xfc_m_01" add surface name "pwr_xfc_m_01"
group "g_pwr_cfc_01" add surface name "pwr_cfc_01"
group "g_pwr_cfc_c_01" add surface name "pwr_cfc_c_01"
group "g_pwr_cfc_m_01" add surface name "pwr_cfc_m_01"
group "g_pwr_cfc_01" add surface name "pwr_cfc_01"
group "g_pwr_cfc_c_01" add surface name "pwr_cfc_c_01"
group "g_pwr_cfc_m_01" add surface name "pwr_cfc_m_01"
group "g_mat_block" add surface name "mat_block"
group "g_mat_coolant" add surface name "mat_coolant"
#Creating blocks, Note: you might need to combine some blocks
block 1 surface in g_pwr_fc_f_01
block 1 name "b_pwr_fc_f_01"
block 2 surface in g_pwr_fc_c_01
block 2 name "b_pwr_fc_c_01"
block 3 surface in g_pwr_fc_m_01
block 3 name "b_pwr_fc_m_01"
block 4 surface in g_pwr_gt_f_01
block 4 name "b_pwr_gt_f_01"
block 5 surface in g_pwr_gt_c_01
block 5 name "b_pwr_gt_c_01"
block 6 surface in g_pwr_gt_m_01
block 6 name "b_pwr_gt_m_01"
block 7 surface in g_pwr_xfc_01
block 7 name "b_pwr_xfc_01"
block 8 surface in g_pwr_xfc_c_01
block 8 name "b_pwr_xfc_c_01"
block 9 surface in g_pwr_xfc_m_01
block 9 name "b_pwr_xfc_m_01"
block 10 surface in g_pwr_cfc_01
block 10 name "b_pwr_cfc_01"
block 11 surface in g_pwr_cfc_c_01
block 11 name "b_pwr_cfc_c_01"
block 12 surface in g_pwr_cfc_m_01
block 12 name "b_pwr_cfc_m_01"
block 13 surface in g_pwr_cfc_01
block 13 name "b_pwr_cfc_01"
block 14 surface in g_pwr_cfc_c_01
block 14 name "b_pwr_cfc_c_01"
block 15 surface in g_pwr_cfc_m_01
block 15 name "b_pwr_cfc_m_01"
block 16 surface in g_mat_block
block 16 name "b_mat_block"
block 17 surface in g_mat_coolant
block 17 name "b_mat_coolant"
#Creating blocks, Note: you might need to change @ extensions
sideset 1 curve side_edge1@A
sideset 2 curve side_edge2@A
sideset 3 curve side_edge3@A
sideset 4 curve side_edge4@A
#merge geometry
imprint all
merge all
#Set Meshing Scheme and Sizes
surface in g_pwr_fc_f_01 interval XX
surface in g_pwr_fc_f_01 scheme YY <scheme options>
mesh surface in g_pwr_fc_f_01
#
surface in g_pwr_fc_c_01 interval XX
surface in g_pwr_fc_c_01 scheme YY <scheme options>
mesh surface in g_pwr_fc_c_01
#
surface in g_pwr_fc_m_01 interval XX
surface in g_pwr_fc_m_01 scheme YY <scheme options>
mesh surface in g_pwr_fc_m_01
#
surface in g_pwr_gt_f_01 interval XX
surface in g_pwr_gt_f_01 scheme YY <scheme options>
mesh surface in g_pwr_gt_f_01
#
surface in g_pwr_gt_c_01 interval XX
surface in g_pwr_gt_c_01 scheme YY <scheme options>
mesh surface in g_pwr_gt_c_01
#
surface in g_pwr_gt_m_01 interval XX
surface in g_pwr_gt_m_01 scheme YY <scheme options>
mesh surface in g_pwr_gt_m_01
#
surface in g_pwr_xfc_01 interval XX
surface in g_pwr_xfc_01 scheme YY <scheme options>
mesh surface in g_pwr_xfc_01
#
surface in g_pwr_xfc_c_01 interval XX
surface in g_pwr_xfc_c_01 scheme YY <scheme options>
mesh surface in g_pwr_xfc_c_01
#
surface in g_pwr_xfc_m_01 interval XX
surface in g_pwr_xfc_m_01 scheme YY <scheme options>
mesh surface in g_pwr_xfc_m_01
#
surface in g_pwr_cfc_01 interval XX
surface in g_pwr_cfc_01 scheme YY <scheme options>
mesh surface in g_pwr_cfc_01
#
surface in g_pwr_cfc_c_01 interval XX
surface in g_pwr_cfc_c_01 scheme YY <scheme options>
mesh surface in g_pwr_cfc_c_01
#
surface in g_pwr_cfc_m_01 interval XX
surface in g_pwr_cfc_m_01 scheme YY <scheme options>
mesh surface in g_pwr_cfc_m_01
#
surface in g_pwr_cfc_01 interval XX
surface in g_pwr_cfc_01 scheme YY <scheme options>
mesh surface in g_pwr_cfc_01
#
surface in g_pwr_cfc_c_01 interval XX
surface in g_pwr_cfc_c_01 scheme YY <scheme options>
mesh surface in g_pwr_cfc_c_01
#
surface in g_pwr_cfc_m_01 interval XX
surface in g_pwr_cfc_m_01 scheme YY <scheme options>
mesh surface in g_pwr_cfc_m_01
#
surface in g_mat_block interval XX
surface in g_mat_block scheme YY <scheme options>
mesh surface in g_mat_block
#
surface in g_mat_coolant interval XX
surface in g_mat_coolant scheme YY <scheme options>
mesh surface in g_mat_coolant
#
#Save file
save as './files/s1.cub'
